
> gestao-sst@0.0.0 build
> vite build

[36mvite v6.4.1 [32mbuilding for production...[36m[39m
transforming...
[32mÔ£ô[39m 3472 modules transformed.
rendering chunks...
computing gzip size...
[2mdist/[22m[32mindex.html                    [39m[1m[2m    0.40 kB[22m[1m[22m[2m Ôöé gzip:   0.27 kB[22m
[2mdist/[22m[35massets/index-CYwz-_Ho.css     [39m[1m[2m   54.20 kB[22m[1m[22m[2m Ôöé gzip:  10.06 kB[22m
[2mdist/[22m[36massets/purify.es-B9ZVCkUG.js  [39m[1m[2m   22.64 kB[22m[1m[22m[2m Ôöé gzip:   8.75 kB[22m
[2mdist/[22m[36massets/index.es-Dg4ES34y.js   [39m[1m[2m  159.38 kB[22m[1m[22m[2m Ôöé gzip:  53.42 kB[22m
[2mdist/[22m[36massets/index-CkDZC8z-.js      [39m[1m[33m2,692.97 kB[39m[22m[2m Ôöé gzip: 712.23 kB[22m
node.exe : [33m
No linha:1 caractere:1
+ & "C:\Program Files\nodejs/node.exe" "C:\Program Files\nodejs/node_mo ...
+ ~~~~~~~~~~~~~~~~~~~~~~~~~~~~~~~~~~~~~~~~~~~~~~~~~~~~~~~~~~~~~~~~~~~~~
    + CategoryInfo          : NotSpecified: ([33m:String) [], RemoteException
    + FullyQualifiedErrorId : NativeCommandError
 
(!) Some chunks are larger than 500 kB after minification. Consider:
- Using dynamic import() to code-split the application
- Use build.rollupOptions.output.manualChunks to improve chunking: 
https://rollupjs.org/configuration-options/#output-manualchunks
- Adjust chunk size limit for this warning via build.chunkSizeWarningLimit.[39m
[32mÔ£ô built in 5.88s[39m
